// Jest Snapshot v1, https://goo.gl/fbAQLP

exports[`VersusIcon DOM rendering renders correctly 1`] = `
<div
  className="kw-versusicon"
/>
`;
