// Jest Snapshot v1, https://goo.gl/fbAQLP

exports[`EventResultIndicator DOM rendering renders correctly 1`] = `
<div
  className="kw-eventresultindicator KambiWidget-DPrimaryColor"
>
  <span
    className="KambiWidget-DSecondaryColor"
  >
    Defeat
  </span>
</div>
`;
