// Jest Snapshot v1, https://goo.gl/fbAQLP

exports[`Header DOM rendering renders correctly 1`] = `
<header
  className="kw-header KambiWidget-card-support-text-color"
>
  Title
</header>
`;
