// Jest Snapshot v1, https://goo.gl/fbAQLP

exports[`Main DOM rendering renders correctly 1`] = `
<main
  className="kw-main"
>
  <Header
    title="TheTitle"
  />
  <span>
    content
  </span>
</main>
`;
